[html.phoenixcoded.net/light-able/bootstrap/application/ecom_product.html]
[backblue.gif]
[fade.gif]
[index.html]
[html.phoenixcoded.net/light-able/bootstrap/assets/fonts/phosphor/duotone/style.css]
[html.phoenixcoded.net/light-able/bootstrap/assets/fonts/tabler-icons.min.css]
[html.phoenixcoded.net/light-able/bootstrap/assets/fonts/feather.css]
[html.phoenixcoded.net/light-able/bootstrap/assets/fonts/fontawesome.css]
[html.phoenixcoded.net/light-able/bootstrap/assets/fonts/material.css]
[html.phoenixcoded.net/light-able/bootstrap/assets/css/style-preset.css]
[html.phoenixcoded.net/light-able/bootstrap/application/calendar.html]
[html.phoenixcoded.net/light-able/bootstrap/application/chat.html]
[html.phoenixcoded.net/light-able/bootstrap/application/gallery-grid.html]
[html.phoenixcoded.net/light-able/bootstrap/application/gallery-masonry.html]
[html.phoenixcoded.net/light-able/bootstrap/application/ecom_product-details.html]
[html.phoenixcoded.net/light-able/bootstrap/assets/css/style.css]
[html.phoenixcoded.net/light-able/bootstrap/application/ecom_product-list.html]
[html.phoenixcoded.net/light-able/bootstrap/application/ecom_product-add.html]
[html.phoenixcoded.net/light-able/bootstrap/application/ecom_checkout.html]
[html.phoenixcoded.net/light-able/bootstrap/application/invoice-list.html]
[html.phoenixcoded.net/light-able/bootstrap/application/invoice-create.html]
[html.phoenixcoded.net/light-able/bootstrap/application/invoice-view.html]
[html.phoenixcoded.net/light-able/bootstrap/application/mail.html]
[html.phoenixcoded.net/light-able/bootstrap/application/plans.html]
[html.phoenixcoded.net/light-able/bootstrap/application/account-profile.html]
[html.phoenixcoded.net/light-able/bootstrap/application/social-media.html]
[html.phoenixcoded.net/light-able/bootstrap/application/user-card.html]
[html.phoenixcoded.net/light-able/bootstrap/application/user-list.html]
[html.phoenixcoded.net/light-able/bootstrap/application/team.html]
[html.phoenixcoded.net/light-able/bootstrap/assets/images/user/avatar-1.jpg]
[html.phoenixcoded.net/light-able/bootstrap/assets/images/user/avatar-2.jpg]
[html.phoenixcoded.net/light-able/bootstrap/assets/images/user/avatar-3.jpg]
[html.phoenixcoded.net/light-able/bootstrap/assets/images/application/img-prod-1.jpg]
[html.phoenixcoded.net/light-able/bootstrap/assets/images/application/img-prod-2.jpg]
[html.phoenixcoded.net/light-able/bootstrap/assets/images/application/img-prod-3.jpg]
[html.phoenixcoded.net/light-able/bootstrap/assets/images/application/img-prod-4.jpg]
[html.phoenixcoded.net/light-able/bootstrap/assets/images/application/img-prod-5.jpg]
[html.phoenixcoded.net/light-able/bootstrap/assets/images/application/img-prod-6.jpg]
[html.phoenixcoded.net/light-able/bootstrap/assets/images/application/img-prod-7.jpg]
[html.phoenixcoded.net/light-able/bootstrap/assets/images/application/img-prod-8.jpg]
[html.phoenixcoded.net/light-able/bootstrap/assets/images/application/img-prod-9.jpg]
[html.phoenixcoded.net/light-able/bootstrap/assets/images/application/img-prod-brand-1.png]
[html.phoenixcoded.net/light-able/bootstrap/assets/js/plugins/popper.min.js]
[html.phoenixcoded.net/light-able/bootstrap/assets/js/plugins/simplebar.min.js]
[html.phoenixcoded.net/light-able/bootstrap/assets/js/plugins/bootstrap.min.js]
[html.phoenixcoded.net/light-able/bootstrap/assets/js/fonts/custom-font.js]
[html.phoenixcoded.net/light-able/bootstrap/assets/js/pcoded.js]
[html.phoenixcoded.net/light-able/bootstrap/application/ecom_product.html]
[html.phoenixcoded.net/light-able/bootstrap/assets/js/plugins/feather.min.js]
[html.phoenixcoded.net/light-able/bootstrap/assets/fonts/phosphor/duotone/Phosphor-Duotone.woff]
[html.phoenixcoded.net/light-able/bootstrap/assets/fonts/phosphor/duotone/Phosphor-Duotone.ttf]
[html.phoenixcoded.net/light-able/bootstrap/assets/fonts/phosphor/duotone/style.css]
[html.phoenixcoded.net/light-able/bootstrap/assets/fonts/tabler/tabler-icons.eot]
[html.phoenixcoded.net/light-able/bootstrap/assets/fonts/tabler/tabler-iconsd41d.eot]
[html.phoenixcoded.net/light-able/bootstrap/assets/fonts/tabler/tabler-icons.woff]
[html.phoenixcoded.net/light-able/bootstrap/assets/fonts/tabler/tabler-icons.ttf]
[html.phoenixcoded.net/light-able/bootstrap/assets/fonts/tabler-icons.min.css]
[html.phoenixcoded.net/light-able/bootstrap/assets/fonts/feather/feathere8ab.eot]
[html.phoenixcoded.net/light-able/bootstrap/assets/fonts/feather/feathere8ab.woff]
[html.phoenixcoded.net/light-able/bootstrap/assets/fonts/feather/feathere8ab.ttf]
[html.phoenixcoded.net/light-able/bootstrap/assets/fonts/feather.css]
[html.phoenixcoded.net/light-able/bootstrap/assets/fonts/fontawesome/fa-regular-400.eot]
[html.phoenixcoded.net/light-able/bootstrap/assets/fonts/fontawesome/fa-regular-400d41d.eot]
[html.phoenixcoded.net/light-able/bootstrap/assets/fonts/fontawesome/fa-regular-400.woff]
[html.phoenixcoded.net/light-able/bootstrap/assets/fonts/fontawesome/fa-regular-400.ttf]
[html.phoenixcoded.net/light-able/bootstrap/assets/fonts/fontawesome/fa-solid-900.eot]
[html.phoenixcoded.net/light-able/bootstrap/assets/fonts/fontawesome/fa-solid-900d41d.eot]
[html.phoenixcoded.net/light-able/bootstrap/assets/fonts/fontawesome/fa-solid-900.woff]
[html.phoenixcoded.net/light-able/bootstrap/assets/fonts/fontawesome/fa-solid-900.ttf]
[html.phoenixcoded.net/light-able/bootstrap/assets/fonts/fontawesome/fa-brands-400.eot]
[html.phoenixcoded.net/light-able/bootstrap/assets/fonts/fontawesome/fa-brands-400d41d.eot]
[html.phoenixcoded.net/light-able/bootstrap/assets/fonts/fontawesome/fa-brands-400.woff]
[html.phoenixcoded.net/light-able/bootstrap/assets/fonts/fontawesome/fa-brands-400.ttf]
[html.phoenixcoded.net/light-able/bootstrap/assets/fonts/fontawesome.css]
[html.phoenixcoded.net/light-able/bootstrap/assets/fonts/material.css]
[html.phoenixcoded.net/light-able/bootstrap/assets/images/authentication/img-auth-bg.jpg]
[html.phoenixcoded.net/light-able/bootstrap/assets/css/style.css]
[html.phoenixcoded.net/light-able/bootstrap/assets/css/style-preset.css]
[html.phoenixcoded.net/light-able/bootstrap/assets/js/plugins/index.global.min.js]
[html.phoenixcoded.net/light-able/bootstrap/assets/js/plugins/sweetalert2.all.min.js]
[html.phoenixcoded.net/light-able/bootstrap/application/calendar.html]
[html.phoenixcoded.net/light-able/bootstrap/assets/js/pages/calendar.js]
[html.phoenixcoded.net/light-able/bootstrap/assets/images/user/avatar-5.jpg]
[html.phoenixcoded.net/light-able/bootstrap/application/chat.html]
[html.phoenixcoded.net/light-able/bootstrap/assets/images/pages/img-gallery-1.jpg]
[html.phoenixcoded.net/light-able/bootstrap/assets/images/pages/img-gallery-2.jpg]
[html.phoenixcoded.net/light-able/bootstrap/assets/images/pages/img-gallery-3.jpg]
[html.phoenixcoded.net/light-able/bootstrap/assets/images/pages/img-gallery-4.jpg]
[html.phoenixcoded.net/light-able/bootstrap/assets/images/pages/img-gallery-5.jpg]
[html.phoenixcoded.net/light-able/bootstrap/assets/images/pages/img-gallery-6.jpg]
[html.phoenixcoded.net/light-able/bootstrap/assets/images/pages/img-gallery-7.jpg]
[html.phoenixcoded.net/light-able/bootstrap/assets/images/pages/img-gallery-8.jpg]
[html.phoenixcoded.net/light-able/bootstrap/assets/images/pages/img-gallery-9.jpg]
[html.phoenixcoded.net/light-able/bootstrap/application/gallery-grid.html]
[html.phoenixcoded.net/light-able/bootstrap/assets/js/plugins/index.js]
[html.phoenixcoded.net/light-able/bootstrap/assets/images/gallery-grid/img-grd-gal-1.jpg]
[html.phoenixcoded.net/light-able/bootstrap/assets/images/gallery-grid/img-grd-gal-2.jpg]
[html.phoenixcoded.net/light-able/bootstrap/assets/images/gallery-grid/img-grd-gal-3.jpg]
[html.phoenixcoded.net/light-able/bootstrap/assets/images/gallery-grid/img-grd-gal-4.jpg]
[html.phoenixcoded.net/light-able/bootstrap/assets/images/user/avatar-4.jpg]
[html.phoenixcoded.net/light-able/bootstrap/assets/images/gallery-grid/img-grd-gal-5.jpg]
[html.phoenixcoded.net/light-able/bootstrap/assets/images/gallery-grid/img-grd-gal-6.jpg]
[html.phoenixcoded.net/light-able/bootstrap/assets/images/gallery-grid/img-grd-gal-7.jpg]
[html.phoenixcoded.net/light-able/bootstrap/assets/images/gallery-grid/img-grd-gal-8.jpg]
[html.phoenixcoded.net/light-able/bootstrap/assets/images/gallery-grid/img-grd-gal-9.jpg]
[html.phoenixcoded.net/light-able/bootstrap/assets/images/gallery-grid/img-grd-gal-10.jpg]
[html.phoenixcoded.net/light-able/bootstrap/assets/images/gallery-grid/img-grd-gal-11.jpg]
[html.phoenixcoded.net/light-able/bootstrap/assets/images/gallery-grid/img-grd-gal-12.jpg]
[html.phoenixcoded.net/light-able/bootstrap/assets/images/gallery-grid/img-grd-gal-13.jpg]
[html.phoenixcoded.net/light-able/bootstrap/assets/images/gallery-grid/img-grd-gal-14.jpg]
[html.phoenixcoded.net/light-able/bootstrap/assets/images/gallery-grid/img-grd-gal-15.jpg]
[html.phoenixcoded.net/light-able/bootstrap/assets/images/gallery-grid/img-grd-gal-16.jpg]
[html.phoenixcoded.net/light-able/bootstrap/application/gallery-masonry.html]
[html.phoenixcoded.net/light-able/bootstrap/application/ecom_product-details.html]
[html.phoenixcoded.net/light-able/bootstrap/assets/js/plugins/isotope.pkgd.min.js]
[html.phoenixcoded.net/light-able/bootstrap/assets/css/plugins/style.css]
[html.phoenixcoded.net/light-able/bootstrap/assets/images/application/img-prod-brand-2.png]
[html.phoenixcoded.net/light-able/bootstrap/assets/images/application/img-prod-brand-3.png]
[html.phoenixcoded.net/light-able/bootstrap/assets/images/application/img-prod-brand-4.png]
[html.phoenixcoded.net/light-able/bootstrap/assets/images/application/img-prod-brand-5.png]
[html.phoenixcoded.net/light-able/bootstrap/application/ecom_product-list.html]
[html.phoenixcoded.net/light-able/bootstrap/assets/js/plugins/simple-datatables.js]
[html.phoenixcoded.net/light-able/bootstrap/application/ecom_product-add.html]
[html.phoenixcoded.net/light-able/bootstrap/assets/js/plugins/choices.min.js]
[html.phoenixcoded.net/light-able/bootstrap/assets/images/application/img-pay-card-bg.png]
[html.phoenixcoded.net/light-able/bootstrap/assets/images/application/mastercard.png]
[html.phoenixcoded.net/light-able/bootstrap/assets/images/application/visa.png]
[html.phoenixcoded.net/light-able/bootstrap/assets/images/application/card.png]
[html.phoenixcoded.net/light-able/bootstrap/assets/images/application/paypal.png]
[html.phoenixcoded.net/light-able/bootstrap/assets/images/application/img-coupon.png]
[html.phoenixcoded.net/light-able/bootstrap/application/ecom_checkout.html]
[html.phoenixcoded.net/light-able/bootstrap/application/invoice-list.html]
[html.phoenixcoded.net/light-able/bootstrap/application/invoice-create.html]
[html.phoenixcoded.net/light-able/bootstrap/application/invoice-view.html]
[html.phoenixcoded.net/light-able/bootstrap/assets/css/plugins/flatpickr.min.css]
[html.phoenixcoded.net/light-able/bootstrap/assets/css/plugins/dragula.min.css]
[html.phoenixcoded.net/light-able/bootstrap/assets/css/plugins/quill.core.css]
[html.phoenixcoded.net/light-able/bootstrap/assets/css/plugins/quill.snow.css]
[html.phoenixcoded.net/light-able/bootstrap/assets/css/plugins/quill.bubble.css]
[html.phoenixcoded.net/light-able/bootstrap/assets/images/application/img-empty-mail.png]
[html.phoenixcoded.net/light-able/bootstrap/application/mail.html]
[html.phoenixcoded.net/light-able/bootstrap/assets/css/plugins/dropzone.min.css]
[html.phoenixcoded.net/light-able/bootstrap/assets/js/plugins/quill.min.js]
[html.phoenixcoded.net/light-able/bootstrap/application/plans.html]
[html.phoenixcoded.net/light-able/bootstrap/assets/js/plugins/dropzone-amd-module.min.js]
[html.phoenixcoded.net/light-able/bootstrap/assets/images/application/img-accout-alert.png]
[html.phoenixcoded.net/light-able/bootstrap/assets/images/application/img-accout-password-alert.png]
[html.phoenixcoded.net/light-able/bootstrap/application/account-profile.html]
[html.phoenixcoded.net/light-able/bootstrap/assets/images/application/img-profile-cover.jpg]
[html.phoenixcoded.net/light-able/bootstrap/assets/images/application/img-story-1.jpg]
[html.phoenixcoded.net/light-able/bootstrap/assets/images/application/img-story-2.jpg]
[html.phoenixcoded.net/light-able/bootstrap/assets/images/application/img-story-3.jpg]
[html.phoenixcoded.net/light-able/bootstrap/assets/images/application/img-story-4.jpg]
[html.phoenixcoded.net/light-able/bootstrap/assets/images/application/img-story-5.jpg]
[html.phoenixcoded.net/light-able/bootstrap/assets/images/application/img-story-6.jpg]
[html.phoenixcoded.net/light-able/bootstrap/assets/images/application/img-post-1.jpg]
[html.phoenixcoded.net/light-able/bootstrap/assets/images/application/img-post-2.jpg]
[html.phoenixcoded.net/light-able/bootstrap/assets/images/application/img-post-3.jpg]
[html.phoenixcoded.net/light-able/bootstrap/assets/images/application/img-post-4.jpg]
[html.phoenixcoded.net/light-able/bootstrap/assets/images/application/img-post-5.jpg]
[html.phoenixcoded.net/light-able/bootstrap/assets/images/application/img-post-6.jpg]
[html.phoenixcoded.net/light-able/bootstrap/assets/images/user/avatar-10.jpg]
[html.phoenixcoded.net/light-able/bootstrap/assets/images/user/avatar-6.jpg]
[html.phoenixcoded.net/light-able/bootstrap/assets/images/user/avatar-7.jpg]
[html.phoenixcoded.net/light-able/bootstrap/assets/images/user/avatar-8.jpg]
[html.phoenixcoded.net/light-able/bootstrap/assets/images/user/avatar-9.jpg]
[html.phoenixcoded.net/light-able/bootstrap/assets/images/application/img-gallery-1.jpg]
[html.phoenixcoded.net/light-able/bootstrap/assets/images/application/img-gallery-2.jpg]
[html.phoenixcoded.net/light-able/bootstrap/assets/images/application/img-gallery-3.jpg]
[html.phoenixcoded.net/light-able/bootstrap/assets/images/application/img-gallery-5.jpg]
[html.phoenixcoded.net/light-able/bootstrap/assets/images/application/img-gallery-6.jpg]
[html.phoenixcoded.net/light-able/bootstrap/assets/images/application/img-gallery-4.jpg]
[html.phoenixcoded.net/light-able/bootstrap/assets/images/application/img-gallery-8.jpg]
[html.phoenixcoded.net/light-able/bootstrap/assets/images/application/img-gallery-7.jpg]
[html.phoenixcoded.net/light-able/bootstrap/assets/images/application/img-community-bg.jpg]
[html.phoenixcoded.net/light-able/bootstrap/assets/images/application/img-soc-gal-1.jpg]
[html.phoenixcoded.net/light-able/bootstrap/assets/images/application/img-soc-gal-2.jpg]
[html.phoenixcoded.net/light-able/bootstrap/assets/images/application/img-soc-gal-3.jpg]
[html.phoenixcoded.net/light-able/bootstrap/assets/images/application/img-soc-gal-4.jpg]
[html.phoenixcoded.net/light-able/bootstrap/assets/images/application/img-soc-gal-5.jpg]
[html.phoenixcoded.net/light-able/bootstrap/assets/images/application/img-soc-gal-6.jpg]
[html.phoenixcoded.net/light-able/bootstrap/assets/images/application/img-soc-gal-7.jpg]
[html.phoenixcoded.net/light-able/bootstrap/assets/images/application/img-soc-gal-8.jpg]
[html.phoenixcoded.net/light-able/bootstrap/assets/images/application/img-soc-gal-9.jpg]
[html.phoenixcoded.net/light-able/bootstrap/application/social-media.html]
[html.phoenixcoded.net/light-able/bootstrap/assets/images/application/img-user-cover-1.jpg]
[html.phoenixcoded.net/light-able/bootstrap/assets/images/application/img-user-cover-2.jpg]
[html.phoenixcoded.net/light-able/bootstrap/assets/images/application/img-user-cover-3.jpg]
[html.phoenixcoded.net/light-able/bootstrap/assets/images/application/img-user-cover-4.jpg]
[html.phoenixcoded.net/light-able/bootstrap/assets/images/application/img-user-cover-5.jpg]
[html.phoenixcoded.net/light-able/bootstrap/assets/images/application/img-user-cover-6.jpg]
[html.phoenixcoded.net/light-able/bootstrap/assets/images/application/img-user-cover-7.jpg]
[html.phoenixcoded.net/light-able/bootstrap/assets/images/application/img-user-cover-8.jpg]
[html.phoenixcoded.net/light-able/bootstrap/assets/images/application/img-user-cover-9.jpg]
[html.phoenixcoded.net/light-able/bootstrap/application/user-card.html]
[html.phoenixcoded.net/light-able/bootstrap/application/user-list.html]
[html.phoenixcoded.net/light-able/bootstrap/application/team.html]
[html.phoenixcoded.net/light-able/bootstrap/assets/fonts/phosphor/duotone/Phosphor-Duotone.svg]
[html.phoenixcoded.net/light-able/bootstrap/assets/fonts/tabler/tabler-icons.html]
[html.phoenixcoded.net/light-able/bootstrap/assets/fonts/tabler/tabler-icons.svg]
[html.phoenixcoded.net/light-able/bootstrap/assets/fonts/feather/feathere8ab.svg]
[html.phoenixcoded.net/light-able/bootstrap/assets/fonts/fontawesome/fa-regular-400.html]
[html.phoenixcoded.net/light-able/bootstrap/assets/fonts/fontawesome/fa-regular-400.svg]
[html.phoenixcoded.net/light-able/bootstrap/assets/fonts/fontawesome/fa-solid-900.html]
[html.phoenixcoded.net/light-able/bootstrap/assets/fonts/fontawesome/fa-solid-900.svg]
[html.phoenixcoded.net/light-able/bootstrap/assets/fonts/fontawesome/fa-brands-400.html]
[html.phoenixcoded.net/light-able/bootstrap/assets/fonts/fontawesome/fa-brands-400.svg]
[html.phoenixcoded.net/light-able/bootstrap/assets/fonts/material/material.html]
[html.phoenixcoded.net/light-able/bootstrap/assets/css/plugins/style.css]
[html.phoenixcoded.net/light-able/bootstrap/assets/css/plugins/flatpickr.min.css]
[html.phoenixcoded.net/light-able/bootstrap/assets/css/plugins/dragula.min.css]
[html.phoenixcoded.net/light-able/bootstrap/assets/css/plugins/quill.core.css]
[html.phoenixcoded.net/light-able/bootstrap/assets/css/plugins/quill.snow.css]
[html.phoenixcoded.net/light-able/bootstrap/assets/css/plugins/quill.bubble.css]
[html.phoenixcoded.net/light-able/bootstrap/assets/css/plugins/dropzone.min.css]
